
======================================================================
INIZIO MONITORAGGIO: 2026-04-30 06:40:36
======================================================================

======================================================================
INIZIO MONITORAGGIO: 2026-04-30 06:46:52
======================================================================
[✓] Connesso al broker MQTT su localhost:1883
[✓] Sottoscrizione a: casa/# (ascolta TUTTI gli eventi)
======================================================================
MONITORAGGIO INIZIATO
======================================================================
[06:46:54] Topic: casa/salotto/temperatura       → Valore: 24.6                
[06:47:04] Topic: casa/salotto/temperatura       → Valore: 17.0                
[06:47:14] Topic: casa/salotto/temperatura       → Valore: 23.0                
[06:47:24] Topic: casa/salotto/temperatura       → Valore: 26.6                
[06:47:34] Topic: casa/salotto/temperatura       → Valore: 17.8                
[06:47:44] Topic: casa/salotto/temperatura       → Valore: 26.2                
[06:47:54] Topic: casa/salotto/temperatura       → Valore: 19.5                
[06:48:04] Topic: casa/salotto/temperatura       → Valore: 25.8                
[06:48:14] Topic: casa/salotto/temperatura       → Valore: 25.4                
[06:48:24] Topic: casa/salotto/temperatura       → Valore: 18.3                
[06:48:34] Topic: casa/salotto/temperatura       → Valore: 25.5                
[06:48:44] Topic: casa/salotto/temperatura       → Valore: 22.4                
[06:48:54] Topic: casa/salotto/temperatura       → Valore: 29.6                
[06:49:04] Topic: casa/salotto/temperatura       → Valore: 21.8                
[06:49:14] Topic: casa/salotto/temperatura       → Valore: 19.1                
[06:49:24] Topic: casa/salotto/temperatura       → Valore: 27.3                
[06:49:34] Topic: casa/salotto/temperatura       → Valore: 25.1                
[06:49:44] Topic: casa/salotto/temperatura       → Valore: 15.6                
[06:49:54] Topic: casa/salotto/temperatura       → Valore: 15.7                
[06:50:04] Topic: casa/salotto/temperatura       → Valore: 20.9                
[06:50:14] Topic: casa/salotto/temperatura       → Valore: 16.6                
[06:50:24] Topic: casa/salotto/temperatura       → Valore: 29.7                
[06:50:34] Topic: casa/salotto/temperatura       → Valore: 15.4                
[06:50:44] Topic: casa/salotto/temperatura       → Valore: 28.7                
[06:50:54] Topic: casa/salotto/temperatura       → Valore: 18.2                
[06:51:04] Topic: casa/salotto/temperatura       → Valore: 24.3                
[06:51:14] Topic: casa/salotto/temperatura       → Valore: 27.8                
[06:51:24] Topic: casa/salotto/temperatura       → Valore: 19.4                
[06:51:34] Topic: casa/salotto/temperatura       → Valore: 16.2                
[06:51:44] Topic: casa/salotto/temperatura       → Valore: 28.6                
[06:51:54] Topic: casa/salotto/temperatura       → Valore: 29.5                
[06:52:04] Topic: casa/salotto/temperatura       → Valore: 20.5                
[06:52:14] Topic: casa/salotto/temperatura       → Valore: 19.5                
[06:52:24] Topic: casa/salotto/temperatura       → Valore: 16.8                
[06:52:34] Topic: casa/salotto/temperatura       → Valore: 22.8                
[06:52:44] Topic: casa/salotto/temperatura       → Valore: 25.9                
